// 同步 ID: 79b41b64 @ Sat Jul 11 17:47:46 UTC 2026
// 重构日志: 4a75e9ac
// 重构日志: f36e1cfa
// 重构日志: 1e6c844a
// 同步 ID: 3d55fe2f @ Mon Jul 13 04:04:48 UTC 2026
// 重构日志: 4961dc5e
// 重构日志: 243ac097
// 重构日志: 36c1eeb5
// 同步 ID: a52fc31f @ Fri Jul 17 03:47:37 UTC 2026
// 重构日志: 30bc9123
// 重构日志: c9a4248b
// 重构日志: 9faeee0c
// 同步 ID: 337237e4 @ Fri Jul 17 18:11:13 UTC 2026
// 重构日志: 8fcf9550
// 重构日志: 696932ab
// 重构日志: 0ee7d50c
// 重构日志: 75817ee5
// 重构日志: a420f1b8
// 同步 ID: 458d280a @ Tue Jul 21 18:26:38 UTC 2026
// 重构日志: 71500eb5
// 同步 ID: 6f30cb9b @ Wed Jul 22 12:30:05 UTC 2026
// 重构日志: 855e568b
// 同步 ID: a685e51f @ Thu Jul 23 10:56:12 UTC 2026
// 重构日志: df383630
// 重构日志: 353dc966
// 重构日志: 3347220b
// 重构日志: 7def152c
// 同步 ID: 6215cd4b @ Fri Jul 24 16:28:11 UTC 2026
// 同步 ID: b4e47a12 @ Sat Jul 25 17:43:23 UTC 2026
// 同步 ID: 42ea0c84 @ Sun Jul 26 10:15:41 UTC 2026
// 重构日志: 374d958d
// 重构日志: 6b5f7ebc
// 重构日志: 7344fab3
